// Jest Snapshot v1, https://goo.gl/fbAQLP

exports[`fixtures.spec isIncludePrompts/20240510_143418-geminixMixRealistic_bV10-20-557152044.txt 1`] = `
{
  "ADetailer ControlNet model": "Passthrough",
  "ADetailer confidence": 0.3,
  "ADetailer confidence 2nd": 0.3,
  "ADetailer denoising strength": 0.4,
  "ADetailer denoising strength 2nd": 0.4,
  "ADetailer dilate erode": 4,
  "ADetailer dilate erode 2nd": 4,
  "ADetailer inpaint only masked": "True",
  "ADetailer inpaint only masked 2nd": "True",
  "ADetailer inpaint padding": 32,
  "ADetailer inpaint padding 2nd": 32,
  "ADetailer mask blur": 4,
  "ADetailer mask blur 2nd": 4,
  "ADetailer model": "face_yolov8n_v2.pt",
  "ADetailer model 2nd": "PitHandDetailer-v1-seg.pt",
  "ADetailer prompt": ""(otherworldly), highly insanely detailed, masterpiece, top quality, best quality, highres, 4k, 8k, RAW photo, (very aesthetic, beautiful and aesthetic), (perfect face, beautiful face, perfect lips, perfect mouth, perfect detailed leg, beautiful detailed leg, perfect accurate limb, perfect beautiful breasts, perfect body, perfect anatomy), (perfect hands, perfect hand anatomy, perfect finger, beautiful finger, perfect hands, good hands:1.2), beautiful and aesthetic, (otherworldly), highly insanely detailed, masterpiece, top quality, best quality, highres, 4k, 8k, RAW photo, (very aesthetic, beautiful and aesthetic), 1girl, female prehistoric cavewoman wearing Animal fur bandeau top with bone accents, fur loincloth, bone hair ornament, hide sandals, teeth necklace,hide belt,shell bracelet, \\nLinens Closet, Deep in the heart of the hospital, this closet houses stacks of crisp white sheets and fluffy towels, detergent, industrial washing machine, (fantasy world), (fantasy world)"",
  "ADetailer prompt 2nd": ""(otherworldly), highly insanely detailed, masterpiece, top quality, best quality, highres, 4k, 8k, RAW photo, (very aesthetic, beautiful and aesthetic), (perfect face, beautiful face, perfect lips, perfect mouth, perfect detailed leg, beautiful detailed leg, perfect accurate limb, perfect beautiful breasts, perfect body, perfect anatomy), (perfect hands, perfect hand anatomy, perfect finger, beautiful finger, perfect hands, good hands:1.2), beautiful and aesthetic, (otherworldly), highly insanely detailed, masterpiece, top quality, best quality, highres, 4k, 8k, RAW photo, (very aesthetic, beautiful and aesthetic), 1girl, female prehistoric cavewoman wearing Animal fur bandeau top with bone accents, fur loincloth, bone hair ornament, hide sandals, teeth necklace,hide belt,shell bracelet, \\nLinens Closet, Deep in the heart of the hospital, this closet houses stacks of crisp white sheets and fluffy towels, detergent, industrial washing machine, (fantasy world), (fantasy world)"",
  "ADetailer version": "24.4.2",
  "CFG scale": 7,
  "Cutoff disable_for_neg": "True",
  "Cutoff enabled": "True",
  "Cutoff interpolation": "lerp",
  "Cutoff padding": "_</w>",
  "Cutoff strong": "False",
  "Cutoff targets": "["white", "black", "green", "red", "blue", "yellow", "pink", "purple", "bronze", "blonde", "silver", "magenta"]",
  "Cutoff weight": 0.5,
  "Model": "geminixMixRealistic_bV10",
  "Model hash": "5307b134ff",
  "Negative Template": ""EasyNegative, (normal quality, low quality, worst quality:1.4), jpeg artifacts, (username, watermark, signature, time signature, timestamp, artist name, artist signature, artist logo, twitter username, patreon username, copyright name, copyright notice, copyright abbreviation, copyright signature, copyright), (loli, child, infant, baby:1.3), (bad anatomy, extra digits, extra_fingers, wrong finger, inaccurate limb, bad hand, bad fingers), (African American, African:1.6), (tits, nipple:1.6), (pubic hair:1.6)"",
  "Sampler": "DPM++ 2M Karras",
  "Seed": 557152044,
  "Size": "512x768",
  "Steps": 20,
  "TI hashes": ""EasyNegative: c74b4e810b03"",
  "Template": ""(otherworldly), highly insanely detailed, masterpiece, top quality, best quality, highres, 4k, 8k, RAW photo, (very aesthetic, beautiful and aesthetic), 1girl, female prehistoric cavewoman wearing Animal fur bandeau top with bone accents, fur loincloth, bone hair ornament, hide sandals, teeth necklace,hide belt,shell bracelet, \\nLinens Closet, Deep in the heart of the hospital, this closet houses stacks of crisp white sheets and fluffy towels, detergent, industrial washing machine, (fantasy world)"",
  "VAE": "kl-f8-anime2.ckpt",
  "VAE hash": "df3c506e51",
  "Version": "f0.0.17v1.8.0rc-1.7.0",
  "negative_prompt": "EasyNegative, (normal quality, low quality, worst quality:1.4), jpeg artifacts, (username, watermark, signature, time signature, timestamp, artist name, artist signature, artist logo, twitter username, patreon username, copyright name, copyright notice, copyright abbreviation, copyright signature, copyright), (loli, child, infant, baby:1.3), (bad anatomy, extra digits, extra_fingers, wrong finger, inaccurate limb, bad hand, bad fingers), (African American, African:1.6), (tits, nipple:1.6), (pubic hair:1.6)",
  "prompt": "(otherworldly), highly insanely detailed, masterpiece, top quality, best quality, highres, 4k, 8k, RAW photo, (very aesthetic, beautiful and aesthetic), 1girl, female prehistoric cavewoman wearing Animal fur bandeau top with bone accents, fur loincloth, bone hair ornament, hide sandals, teeth necklace,hide belt,shell bracelet, 
Linens Closet, Deep in the heart of the hospital, this closet houses stacks of crisp white sheets and fluffy towels, detergent, industrial washing machine, (fantasy world)",
  "sv_negative": ""EasyNegative, (normal quality, low quality, worst quality:1.4), jpeg artifacts, (username, watermark, signature, time signature, timestamp, artist name, artist signature, artist logo, twitter username, patreon username, copyright name, copyright notice, copyright abbreviation, copyright signature, copyright), (loli, child, infant, baby:1.3), (bad anatomy, extra digits, extra_fingers, wrong finger, inaccurate limb, bad hand, bad fingers), (African American, African:1.6), (tits, nipple:1.6), (pubic hair:1.6)"",
  "sv_prompt": ""(otherworldly), highly insanely detailed, masterpiece, top quality, best quality, highres, 4k, 8k, RAW photo, (very aesthetic, beautiful and aesthetic), 1girl, __cf-*/prompt-costume__, \\n__cf-*/location/*__, (fantasy world)"",
}
`;

exports[`fixtures.spec isIncludePrompts/20240510_143423-geminixMixRealistic_bV10-20-557152045.txt 1`] = `
{
  "ADetailer ControlNet model": "Passthrough",
  "ADetailer confidence": 0.3,
  "ADetailer confidence 2nd": 0.3,
  "ADetailer denoising strength": 0.4,
  "ADetailer denoising strength 2nd": 0.4,
  "ADetailer dilate erode": 4,
  "ADetailer dilate erode 2nd": 4,
  "ADetailer inpaint only masked": "True",
  "ADetailer inpaint only masked 2nd": "True",
  "ADetailer inpaint padding": 32,
  "ADetailer inpaint padding 2nd": 32,
  "ADetailer mask blur": 4,
  "ADetailer mask blur 2nd": 4,
  "ADetailer model": "face_yolov8n_v2.pt",
  "ADetailer model 2nd": "PitHandDetailer-v1-seg.pt",
  "ADetailer prompt": ""(otherworldly), highly insanely detailed, masterpiece, top quality, best quality, highres, 4k, 8k, RAW photo, (very aesthetic, beautiful and aesthetic), (perfect face, beautiful face, perfect lips, perfect mouth, perfect detailed leg, beautiful detailed leg, perfect accurate limb, perfect beautiful breasts, perfect body, perfect anatomy), (perfect hands, perfect hand anatomy, perfect finger, beautiful finger, perfect hands, good hands:1.2), beautiful and aesthetic, (otherworldly), highly insanely detailed, masterpiece, top quality, best quality, highres, 4k, 8k, RAW photo, (very aesthetic, beautiful and aesthetic), 1girl, female prehistoric cavewoman wearing Animal fur bandeau top with bone accents, fur loincloth, bone hair ornament, hide sandals, teeth necklace,hide belt,shell bracelet, \\nLinens Closet, Deep in the heart of the hospital, this closet houses stacks of crisp white sheets and fluffy towels, detergent, industrial washing machine, (fantasy world), (fantasy world)"",
  "ADetailer prompt 2nd": ""(otherworldly), highly insanely detailed, masterpiece, top quality, best quality, highres, 4k, 8k, RAW photo, (very aesthetic, beautiful and aesthetic), (perfect face, beautiful face, perfect lips, perfect mouth, perfect detailed leg, beautiful detailed leg, perfect accurate limb, perfect beautiful breasts, perfect body, perfect anatomy), (perfect hands, perfect hand anatomy, perfect finger, beautiful finger, perfect hands, good hands:1.2), beautiful and aesthetic, (otherworldly), highly insanely detailed, masterpiece, top quality, best quality, highres, 4k, 8k, RAW photo, (very aesthetic, beautiful and aesthetic), 1girl, female prehistoric cavewoman wearing Animal fur bandeau top with bone accents, fur loincloth, bone hair ornament, hide sandals, teeth necklace,hide belt,shell bracelet, \\nLinens Closet, Deep in the heart of the hospital, this closet houses stacks of crisp white sheets and fluffy towels, detergent, industrial washing machine, (fantasy world), (fantasy world)"",
  "ADetailer version": "24.4.2",
  "CFG scale": 7,
  "Cutoff disable_for_neg": "True",
  "Cutoff enabled": "True",
  "Cutoff interpolation": "lerp",
  "Cutoff padding": "_</w>",
  "Cutoff strong": "False",
  "Cutoff targets": "["white", "black", "green", "red", "blue", "yellow", "pink", "purple", "bronze", "blonde", "silver", "magenta"]",
  "Cutoff weight": 0.5,
  "Model": "geminixMixRealistic_bV10",
  "Model hash": "5307b134ff",
  "Negative Template": ""EasyNegative, (normal quality, low quality, worst quality:1.4), jpeg artifacts, (username, watermark, signature, time signature, timestamp, artist name, artist signature, artist logo, twitter username, patreon username, copyright name, copyright notice, copyright abbreviation, copyright signature, copyright), (loli, child, infant, baby:1.3), (bad anatomy, extra digits, extra_fingers, wrong finger, inaccurate limb, bad hand, bad fingers), (African American, African:1.6), (tits, nipple:1.6), (pubic hair:1.6)"",
  "Sampler": "DPM++ 2M Karras",
  "Seed": 557152045,
  "Size": "512x768",
  "Steps": 20,
  "TI hashes": ""EasyNegative: c74b4e810b03"",
  "Template": ""(otherworldly), highly insanely detailed, masterpiece, top quality, best quality, highres, 4k, 8k, RAW photo, (very aesthetic, beautiful and aesthetic), 1girl, female prehistoric cavewoman wearing Animal fur bandeau top with bone accents, fur loincloth, bone hair ornament, hide sandals, teeth necklace,hide belt,shell bracelet, \\nLinens Closet, Deep in the heart of the hospital, this closet houses stacks of crisp white sheets and fluffy towels, detergent, industrial washing machine, (fantasy world)"",
  "VAE": "kl-f8-anime2.ckpt",
  "VAE hash": "df3c506e51",
  "Version": "f0.0.17v1.8.0rc-1.7.0",
  "negative_prompt": "EasyNegative, (normal quality, low quality, worst quality:1.4), jpeg artifacts, (username, watermark, signature, time signature, timestamp, artist name, artist signature, artist logo, twitter username, patreon username, copyright name, copyright notice, copyright abbreviation, copyright signature, copyright), (loli, child, infant, baby:1.3), (bad anatomy, extra digits, extra_fingers, wrong finger, inaccurate limb, bad hand, bad fingers), (African American, African:1.6), (tits, nipple:1.6), (pubic hair:1.6)",
  "prompt": "(otherworldly), highly insanely detailed, masterpiece, top quality, best quality, highres, 4k, 8k, RAW photo, (very aesthetic, beautiful and aesthetic), 1girl, wearing Red and green striped sweater dress, green stockings, red knee-high boots, gingerbread headband, clutching a mug of hot cocoa, 
Haunted Cemetery Entrance, Overgrown path leading through rusted iron gates, crumbling tombstones covered in moss, eerie mist drifting among gnarled trees, and the sound of distant whispers in the air, (fantasy world)",
  "sv_negative": ""EasyNegative, (normal quality, low quality, worst quality:1.4), jpeg artifacts, (username, watermark, signature, time signature, timestamp, artist name, artist signature, artist logo, twitter username, patreon username, copyright name, copyright notice, copyright abbreviation, copyright signature, copyright), (loli, child, infant, baby:1.3), (bad anatomy, extra digits, extra_fingers, wrong finger, inaccurate limb, bad hand, bad fingers), (African American, African:1.6), (tits, nipple:1.6), (pubic hair:1.6)"",
  "sv_prompt": ""(otherworldly), highly insanely detailed, masterpiece, top quality, best quality, highres, 4k, 8k, RAW photo, (very aesthetic, beautiful and aesthetic), 1girl, __cf-*/prompt-costume__, \\n__cf-*/location/*__, (fantasy world)"",
}
`;

exports[`fixtures.spec isIncludePrompts/20240510_143439-geminixMixRealistic_bV10-20-557152046.txt 1`] = `
{
  "ADetailer ControlNet model": "Passthrough",
  "ADetailer confidence": 0.3,
  "ADetailer confidence 2nd": 0.3,
  "ADetailer denoising strength": 0.4,
  "ADetailer denoising strength 2nd": 0.4,
  "ADetailer dilate erode": 4,
  "ADetailer dilate erode 2nd": 4,
  "ADetailer inpaint only masked": "True",
  "ADetailer inpaint only masked 2nd": "True",
  "ADetailer inpaint padding": 32,
  "ADetailer inpaint padding 2nd": 32,
  "ADetailer mask blur": 4,
  "ADetailer mask blur 2nd": 4,
  "ADetailer model": "face_yolov8n_v2.pt",
  "ADetailer model 2nd": "PitHandDetailer-v1-seg.pt",
  "ADetailer prompt": ""(otherworldly), highly insanely detailed, masterpiece, top quality, best quality, highres, 4k, 8k, RAW photo, (very aesthetic, beautiful and aesthetic), (perfect face, beautiful face, perfect lips, perfect mouth, perfect detailed leg, beautiful detailed leg, perfect accurate limb, perfect beautiful breasts, perfect body, perfect anatomy), (perfect hands, perfect hand anatomy, perfect finger, beautiful finger, perfect hands, good hands:1.2), beautiful and aesthetic, (otherworldly), highly insanely detailed, masterpiece, top quality, best quality, highres, 4k, 8k, RAW photo, (very aesthetic, beautiful and aesthetic), 1girl, samurai wearing a samurai armor, Armor chest piece with peony engraving, plated arm guards, plated leg guards, leather boots, helmet with crest, \\npolice car Trunk, Spacious compartment containing emergency equipment such as cones, flares, fire extinguisher, portable toolbox, rifle rack with a shotgun secured in place, spare tire tucked away in the corner, (fantasy world), (fantasy world)"",
  "ADetailer prompt 2nd": ""(otherworldly), highly insanely detailed, masterpiece, top quality, best quality, highres, 4k, 8k, RAW photo, (very aesthetic, beautiful and aesthetic), (perfect face, beautiful face, perfect lips, perfect mouth, perfect detailed leg, beautiful detailed leg, perfect accurate limb, perfect beautiful breasts, perfect body, perfect anatomy), (perfect hands, perfect hand anatomy, perfect finger, beautiful finger, perfect hands, good hands:1.2), beautiful and aesthetic, (otherworldly), highly insanely detailed, masterpiece, top quality, best quality, highres, 4k, 8k, RAW photo, (very aesthetic, beautiful and aesthetic), 1girl, samurai wearing a samurai armor, Armor chest piece with peony engraving, plated arm guards, plated leg guards, leather boots, helmet with crest, \\npolice car Trunk, Spacious compartment containing emergency equipment such as cones, flares, fire extinguisher, portable toolbox, rifle rack with a shotgun secured in place, spare tire tucked away in the corner, (fantasy world), (fantasy world)"",
  "ADetailer version": "24.4.2",
  "CFG scale": 7,
  "Cutoff disable_for_neg": "True",
  "Cutoff enabled": "True",
  "Cutoff interpolation": "lerp",
  "Cutoff padding": "_</w>",
  "Cutoff strong": "False",
  "Cutoff targets": "["white", "black", "green", "red", "blue", "yellow", "pink", "purple", "bronze", "blonde", "silver", "magenta"]",
  "Cutoff weight": 0.5,
  "Model": "geminixMixRealistic_bV10",
  "Model hash": "5307b134ff",
  "Negative Template": ""EasyNegative, (normal quality, low quality, worst quality:1.4), jpeg artifacts, (username, watermark, signature, time signature, timestamp, artist name, artist signature, artist logo, twitter username, patreon username, copyright name, copyright notice, copyright abbreviation, copyright signature, copyright), (loli, child, infant, baby:1.3), (bad anatomy, extra digits, extra_fingers, wrong finger, inaccurate limb, bad hand, bad fingers), (African American, African:1.6), (tits, nipple:1.6), (pubic hair:1.6)"",
  "Sampler": "DPM++ 2M Karras",
  "Seed": 557152046,
  "Size": "512x768",
  "Steps": 20,
  "TI hashes": ""EasyNegative: c74b4e810b03"",
  "Template": ""(otherworldly), highly insanely detailed, masterpiece, top quality, best quality, highres, 4k, 8k, RAW photo, (very aesthetic, beautiful and aesthetic), 1girl, female prehistoric cavewoman wearing Animal fur bandeau top with bone accents, fur loincloth, bone hair ornament, hide sandals, teeth necklace,hide belt,shell bracelet, \\nLinens Closet, Deep in the heart of the hospital, this closet houses stacks of crisp white sheets and fluffy towels, detergent, industrial washing machine, (fantasy world)"",
  "VAE": "kl-f8-anime2.ckpt",
  "VAE hash": "df3c506e51",
  "Version": "f0.0.17v1.8.0rc-1.7.0",
  "negative_prompt": "EasyNegative, (normal quality, low quality, worst quality:1.4), jpeg artifacts, (username, watermark, signature, time signature, timestamp, artist name, artist signature, artist logo, twitter username, patreon username, copyright name, copyright notice, copyright abbreviation, copyright signature, copyright), (loli, child, infant, baby:1.3), (bad anatomy, extra digits, extra_fingers, wrong finger, inaccurate limb, bad hand, bad fingers), (African American, African:1.6), (tits, nipple:1.6), (pubic hair:1.6)",
  "prompt": "(otherworldly), highly insanely detailed, masterpiece, top quality, best quality, highres, 4k, 8k, RAW photo, (very aesthetic, beautiful and aesthetic), 1girl, samurai wearing a samurai armor, Armor chest piece with peony engraving, plated arm guards, plated leg guards, leather boots, helmet with crest, 
police car Trunk, Spacious compartment containing emergency equipment such as cones, flares, fire extinguisher, portable toolbox, rifle rack with a shotgun secured in place, spare tire tucked away in the corner, (fantasy world)",
  "sv_negative": ""EasyNegative, (normal quality, low quality, worst quality:1.4), jpeg artifacts, (username, watermark, signature, time signature, timestamp, artist name, artist signature, artist logo, twitter username, patreon username, copyright name, copyright notice, copyright abbreviation, copyright signature, copyright), (loli, child, infant, baby:1.3), (bad anatomy, extra digits, extra_fingers, wrong finger, inaccurate limb, bad hand, bad fingers), (African American, African:1.6), (tits, nipple:1.6), (pubic hair:1.6)"",
  "sv_prompt": ""(otherworldly), highly insanely detailed, masterpiece, top quality, best quality, highres, 4k, 8k, RAW photo, (very aesthetic, beautiful and aesthetic), 1girl, __cf-*/prompt-costume__, \\n__cf-*/location/*__, (fantasy world)"",
}
`;

exports[`fixtures.spec isIncludePromptsBase/20231224_200247-0.7(15.Realistic_geminixMix_v20x0.4+asianrealisticSdlife_v90x0.3+magmix_v80x0.3.fp16) + 0.3(15.Realistic_mengxMixReal_v2) x 0.7-20-3633774045.txt 1`] = `
{
  "ADetailer confidence": 0.3,
  "ADetailer confidence 2nd": 0.3,
  "ADetailer denoising strength": 0.4,
  "ADetailer denoising strength 2nd": 0.4,
  "ADetailer dilate erode": 32,
  "ADetailer dilate erode 2nd": 32,
  "ADetailer inpaint only masked": "True",
  "ADetailer inpaint only masked 2nd": "True",
  "ADetailer inpaint padding": 32,
  "ADetailer inpaint padding 2nd": 32,
  "ADetailer mask blur": 4,
  "ADetailer mask blur 2nd": 4,
  "ADetailer model": "face_yolov8n.pt",
  "ADetailer model 2nd": "hand_yolov8n.pt",
  "ADetailer prompt": ""(perfect detailed face, perfect detailed eyes, beautiful detailed eyes, beautiful detailed face, highly detailed face and eyeperfect lips, perfect mouth, perfect detailed finger, beautiful detailed finger, perfect detailed leg, beautiful detailed leg, perfect accurate limb, perfect beautiful breasts), [PROMPT]"",
  "ADetailer prompt 2nd": ""(perfect detailed face, perfect detailed eyes, beautiful detailed eyes, beautiful detailed face, highly detailed face and eyeperfect lips, perfect mouth, perfect detailed finger, beautiful detailed finger, perfect detailed leg, beautiful detailed leg, perfect accurate limb, perfect beautiful breasts), [PROMPT]"",
  "ADetailer version": "23.11.1",
  "CFG scale": 7,
  "Lora hashes": ""tutuMCV5: d9ff24d0c793"",
  "Model": "0.7(15.Realistic_geminixMix_v20x0.4+asianrealisticSdlife_v90x0.3+magmix_v80x0.3.fp16) + 0.3(15.Realistic_mengxMixReal_v2) x 0.7 + meinacetusorionmix_v10 x 0.15 + darkSushiMixMix_225D x 0.15",
  "Model hash": "37c999fae4",
  "Sampler": "DPM++ 2M Karras",
  "Seed": 3633774045,
  "Size": "512x768",
  "Steps": 20,
  "TI hashes": ""EasyNegative: c74b4e810b03"",
  "VAE": "kl-f8-anime2.ckpt",
  "VAE hash": "df3c506e51",
  "Version": "v1.7.0-133-gde03882d",
  "negative_prompt": "EasyNegative, (normal quality, low quality, worst quality:1.4), jpeg artifacts, (username,watermark,signature,time signature, timestamp, artist name, copyright name, copyright), (loli, child, infant, baby:1.3), (bad anatomy, extra hands, extra legs, extra digits, extra_fingers, wrong finger, inaccurate limb), (African American, African:1.6), (tits, nipple:1.6), (pubic hair:1.6)",
  "prompt": "(otherworldly, otherworldly atmosphere, otherworldly appearance), highly insanely detailed, masterpiece, top quality, best quality, highres, 4k, 8k, RAW photo, (long_hair, long hair), collar, earrings, jewelry, 
(random colors cloth, random colors hair, random long hair, dynamic hair, glowing hair), 
long hair, eyelashes, eyeliner, makeup, hair over one eye, 
(dynamic pose), (dynamic weather), (dynamic background), nsfw, 
lamp, 
tutututu, christmas, breasts, santa costume, bare shoulders, bow, bowtie, underwear, thong, swimsuit, 
black pantyhose, 
(1girl:1.3), extreme detailed, colorful, highest detailed, ((an extremely delicate and beautiful)), cinematic light, petite, anubis attire, solo, (abstract art:1), full body, moon, night, ((ancient egyptian theme)), (anubis ears), pyramids, staff, (gold), golden ornaments, ((expressionless)), pharao, hierography, portrait, body tattoo, face tattoo, active pose, over head lighting, fangs, glowing eyes, sitting, relics, 
<lora:tutuMCV5:0.85>, 
(smiling at viewer), (fantasy world)",
}
`;

exports[`fixtures.spec isIncludePromptsBase/20231224_200248-0.7(15.Realistic_geminixMix_v20x0.4+asianrealisticSdlife_v90x0.3+magmix_v80x0.3.fp16) + 0.3(15.Realistic_mengxMixReal_v2) x 0.7-20-3633774045.txt 1`] = `
{
  "ADetailer confidence": 0.3,
  "ADetailer confidence 2nd": 0.3,
  "ADetailer denoising strength": 0.4,
  "ADetailer denoising strength 2nd": 0.4,
  "ADetailer dilate erode": 32,
  "ADetailer dilate erode 2nd": 32,
  "ADetailer inpaint only masked": "True",
  "ADetailer inpaint only masked 2nd": "True",
  "ADetailer inpaint padding": 32,
  "ADetailer inpaint padding 2nd": 32,
  "ADetailer mask blur": 4,
  "ADetailer mask blur 2nd": 4,
  "ADetailer model": "face_yolov8n.pt",
  "ADetailer model 2nd": "hand_yolov8n.pt",
  "ADetailer prompt": ""(perfect detailed face, perfect detailed eyes, beautiful detailed eyes, beautiful detailed face, highly detailed face and eyeperfect lips, perfect mouth, perfect detailed finger, beautiful detailed finger, perfect detailed leg, beautiful detailed leg, perfect accurate limb, perfect beautiful breasts), [PROMPT]"",
  "ADetailer prompt 2nd": ""(perfect detailed face, perfect detailed eyes, beautiful detailed eyes, beautiful detailed face, highly detailed face and eyeperfect lips, perfect mouth, perfect detailed finger, beautiful detailed finger, perfect detailed leg, beautiful detailed leg, perfect accurate limb, perfect beautiful breasts), [PROMPT]"",
  "ADetailer version": "23.11.1",
  "CFG scale": 7,
  "Lora hashes": ""tutuMCV5: d9ff24d0c793"",
  "Model": "0.7(15.Realistic_geminixMix_v20x0.4+asianrealisticSdlife_v90x0.3+magmix_v80x0.3.fp16) + 0.3(15.Realistic_mengxMixReal_v2) x 0.7 + meinacetusorionmix_v10 x 0.15 + darkSushiMixMix_225D x 0.15",
  "Model hash": "37c999fae4",
  "Sampler": "DPM++ 2M Karras",
  "Seed": 3633774045,
  "Size": "512x768",
  "Steps": 20,
  "TI hashes": ""EasyNegative: c74b4e810b03"",
  "VAE": "kl-f8-anime2.ckpt",
  "VAE hash": "df3c506e51",
  "Version": "v1.7.0-133-gde03882d",
  "negative_prompt": "EasyNegative, (normal quality, low quality, worst quality:1.4), jpeg artifacts, (username,watermark,signature,time signature, timestamp, artist name, copyright name, copyright), (loli, child, infant, baby:1.3), (bad anatomy, extra hands, extra legs, extra digits, extra_fingers, wrong finger, inaccurate limb), (African American, African:1.6), (tits, nipple:1.6), (pubic hair:1.6)",
  "prompt": "(otherworldly, otherworldly atmosphere, otherworldly appearance), highly insanely detailed, masterpiece, top quality, best quality, highres, 4k, 8k, RAW photo, (long_hair, long hair), collar, earrings, jewelry, 
(random colors cloth, random colors hair, random long hair, dynamic hair, glowing hair), 
long hair, eyelashes, eyeliner, makeup, hair over one eye, 
(dynamic pose), (dynamic weather), (dynamic background), nsfw, 
lamp, 
tutututu, christmas, breasts, santa costume, bare shoulders, bow, bowtie, underwear, thong, swimsuit, 
black pantyhose, 
(1girl:1.3), extreme detailed, colorful, highest detailed, ((an extremely delicate and beautiful)), cinematic light, petite, anubis attire, solo, (abstract art:1), full body, moon, night, ((ancient egyptian theme)), (anubis ears), pyramids, staff, (gold), golden ornaments, ((expressionless)), pharao, hierography, portrait, body tattoo, face tattoo, active pose, over head lighting, fangs, glowing eyes, sitting, relics, 
<lora:tutuMCV5:0.85>, 
(smiling at viewer), (fantasy world)",
}
`;

exports[`fixtures.spec isIncludePromptsIssues/empty.txt 1`] = `
{
  "negative_prompt": "",
  "prompt": "",
}
`;

exports[`fixtures.spec isIncludePromptsIssues/no_both.txt 1`] = `
{
  "ADetailer confidence": 0.3,
  "ADetailer confidence 2nd": 0.3,
  "ADetailer denoising strength": 0.4,
  "ADetailer denoising strength 2nd": 0.4,
  "ADetailer dilate erode": 32,
  "ADetailer dilate erode 2nd": 32,
  "ADetailer inpaint only masked": "True",
  "ADetailer inpaint only masked 2nd": "True",
  "ADetailer inpaint padding": 32,
  "ADetailer inpaint padding 2nd": 32,
  "ADetailer mask blur": 4,
  "ADetailer mask blur 2nd": 4,
  "ADetailer model": "face_yolov8n.pt",
  "ADetailer model 2nd": "hand_yolov8n.pt",
  "ADetailer prompt": ""(perfect detailed face, perfect detailed eyes, beautiful detailed eyes, beautiful detailed face, highly detailed face and eyeperfect lips, perfect mouth, perfect detailed finger, beautiful detailed finger, perfect detailed leg, beautiful detailed leg, perfect accurate limb, perfect beautiful breasts), [PROMPT]"",
  "ADetailer prompt 2nd": ""(perfect detailed face, perfect detailed eyes, beautiful detailed eyes, beautiful detailed face, highly detailed face and eyeperfect lips, perfect mouth, perfect detailed finger, beautiful detailed finger, perfect detailed leg, beautiful detailed leg, perfect accurate limb, perfect beautiful breasts), [PROMPT]"",
  "ADetailer version": "23.11.1",
  "CFG scale": 7,
  "Lora hashes": ""tutuMCV5: d9ff24d0c793"",
  "Model": "0.7(15.Realistic_geminixMix_v20x0.4+asianrealisticSdlife_v90x0.3+magmix_v80x0.3.fp16) + 0.3(15.Realistic_mengxMixReal_v2) x 0.7 + meinacetusorionmix_v10 x 0.15 + darkSushiMixMix_225D x 0.15",
  "Model hash": "37c999fae4",
  "Sampler": "DPM++ 2M Karras",
  "Seed": 3633774045,
  "Size": "512x768",
  "Steps": 20,
  "TI hashes": ""EasyNegative: c74b4e810b03"",
  "VAE": "kl-f8-anime2.ckpt",
  "VAE hash": "df3c506e51",
  "Version": "v1.7.0-133-gde03882d",
  "negative_prompt": "",
  "prompt": "",
}
`;

exports[`fixtures.spec isIncludePromptsIssues/no_neg.txt 1`] = `
{
  "ADetailer confidence": 0.3,
  "ADetailer confidence 2nd": 0.3,
  "ADetailer denoising strength": 0.4,
  "ADetailer denoising strength 2nd": 0.4,
  "ADetailer dilate erode": 32,
  "ADetailer dilate erode 2nd": 32,
  "ADetailer inpaint only masked": "True",
  "ADetailer inpaint only masked 2nd": "True",
  "ADetailer inpaint padding": 32,
  "ADetailer inpaint padding 2nd": 32,
  "ADetailer mask blur": 4,
  "ADetailer mask blur 2nd": 4,
  "ADetailer model": "face_yolov8n.pt",
  "ADetailer model 2nd": "hand_yolov8n.pt",
  "ADetailer prompt": ""(perfect detailed face, perfect detailed eyes, beautiful detailed eyes, beautiful detailed face, highly detailed face and eyeperfect lips, perfect mouth, perfect detailed finger, beautiful detailed finger, perfect detailed leg, beautiful detailed leg, perfect accurate limb, perfect beautiful breasts), [PROMPT]"",
  "ADetailer prompt 2nd": ""(perfect detailed face, perfect detailed eyes, beautiful detailed eyes, beautiful detailed face, highly detailed face and eyeperfect lips, perfect mouth, perfect detailed finger, beautiful detailed finger, perfect detailed leg, beautiful detailed leg, perfect accurate limb, perfect beautiful breasts), [PROMPT]"",
  "ADetailer version": "23.11.1",
  "CFG scale": 7,
  "Lora hashes": ""tutuMCV5: d9ff24d0c793"",
  "Model": "0.7(15.Realistic_geminixMix_v20x0.4+asianrealisticSdlife_v90x0.3+magmix_v80x0.3.fp16) + 0.3(15.Realistic_mengxMixReal_v2) x 0.7 + meinacetusorionmix_v10 x 0.15 + darkSushiMixMix_225D x 0.15",
  "Model hash": "37c999fae4",
  "Sampler": "DPM++ 2M Karras",
  "Seed": 3633774045,
  "Size": "512x768",
  "Steps": 20,
  "TI hashes": ""EasyNegative: c74b4e810b03"",
  "VAE": "kl-f8-anime2.ckpt",
  "VAE hash": "df3c506e51",
  "Version": "v1.7.0-133-gde03882d",
  "negative_prompt": "",
  "prompt": "(otherworldly, otherworldly atmosphere, otherworldly appearance), highly insanely detailed, masterpiece, top quality, best quality, highres, 4k, 8k, RAW photo, (long_hair, long hair), collar, earrings, jewelry,
(random colors cloth, random colors hair, random long hair, dynamic hair, glowing hair),
long hair, eyelashes, eyeliner, makeup, hair over one eye,
(dynamic pose), (dynamic weather), (dynamic background), nsfw,
lamp,
tutututu, christmas, breasts, santa costume, bare shoulders, bow, bowtie, underwear, thong, swimsuit,
black pantyhose,
(1girl:1.3), extreme detailed, colorful, highest detailed, ((an extremely delicate and beautiful)), cinematic light, petite, anubis attire, solo, (abstract art:1), full body, moon, night, ((ancient egyptian theme)), (anubis ears), pyramids, staff, (gold), golden ornaments, ((expressionless)), pharao, hierography, portrait, body tattoo, face tattoo, active pose, over head lighting, fangs, glowing eyes, sitting, relics,
<lora:tutuMCV5:0.85>,
(smiling at viewer), (fantasy world)",
}
`;

exports[`fixtures.spec isIncludePromptsIssues/no_prompt.txt 1`] = `
{
  "ADetailer confidence": 0.3,
  "ADetailer confidence 2nd": 0.3,
  "ADetailer denoising strength": 0.4,
  "ADetailer denoising strength 2nd": 0.4,
  "ADetailer dilate erode": 32,
  "ADetailer dilate erode 2nd": 32,
  "ADetailer inpaint only masked": "True",
  "ADetailer inpaint only masked 2nd": "True",
  "ADetailer inpaint padding": 32,
  "ADetailer inpaint padding 2nd": 32,
  "ADetailer mask blur": 4,
  "ADetailer mask blur 2nd": 4,
  "ADetailer model": "face_yolov8n.pt",
  "ADetailer model 2nd": "hand_yolov8n.pt",
  "ADetailer prompt": ""(perfect detailed face, perfect detailed eyes, beautiful detailed eyes, beautiful detailed face, highly detailed face and eyeperfect lips, perfect mouth, perfect detailed finger, beautiful detailed finger, perfect detailed leg, beautiful detailed leg, perfect accurate limb, perfect beautiful breasts), [PROMPT]"",
  "ADetailer prompt 2nd": ""(perfect detailed face, perfect detailed eyes, beautiful detailed eyes, beautiful detailed face, highly detailed face and eyeperfect lips, perfect mouth, perfect detailed finger, beautiful detailed finger, perfect detailed leg, beautiful detailed leg, perfect accurate limb, perfect beautiful breasts), [PROMPT]"",
  "ADetailer version": "23.11.1",
  "CFG scale": 7,
  "Lora hashes": ""tutuMCV5: d9ff24d0c793"",
  "Model": "0.7(15.Realistic_geminixMix_v20x0.4+asianrealisticSdlife_v90x0.3+magmix_v80x0.3.fp16) + 0.3(15.Realistic_mengxMixReal_v2) x 0.7 + meinacetusorionmix_v10 x 0.15 + darkSushiMixMix_225D x 0.15",
  "Model hash": "37c999fae4",
  "Sampler": "DPM++ 2M Karras",
  "Seed": 3633774045,
  "Size": "512x768",
  "Steps": 20,
  "TI hashes": ""EasyNegative: c74b4e810b03"",
  "VAE": "kl-f8-anime2.ckpt",
  "VAE hash": "df3c506e51",
  "Version": "v1.7.0-133-gde03882d",
  "negative_prompt": "EasyNegative, (normal quality, low quality, worst quality:1.4), jpeg artifacts, (username,watermark,signature,time signature, timestamp, artist name, copyright name, copyright), (loli, child, infant, baby:1.3), (bad anatomy, extra hands, extra legs, extra digits, extra_fingers, wrong finger, inaccurate limb), (African American, African:1.6), (tits, nipple:1.6), (pubic hair:1.6)",
  "prompt": "",
}
`;
